[www.india.gov.in/topics/agriculture.html]
[backblue.gif]
[fade.gif]
[index.html]
[www.india.gov.in/modules/system/system.basec09a.css]
[www.india.gov.in/modules/system/system.menusc09a.css]
[www.india.gov.in/modules/system/system.messagesc09a.css]
[www.india.gov.in/sites/all/modules/contributed/calendar/css/calendar_multidayc09a.css]
[www.india.gov.in/sites/all/modules/contributed/date/date_api/datec09a.css]
[www.india.gov.in/sites/all/modules/contributed/date/date_popup/themes/datepicker.1.7c09a.css]
[www.india.gov.in/sites/all/modules/contributed/date/date_repeat_field/date_repeat_fieldc09a.css]
[www.india.gov.in/sites/all/modules/contributed/logintoboggan/logintobogganc09a.css]
[www.india.gov.in/modules/user/userc09a.css]
[www.india.gov.in/sites/all/modules/contributed/quicktabs/quicktabs_tabstyles/tabstyles/basic/basicc09a.css]
[www.india.gov.in/sites/all/themes/adaptivetheme/npi_adaptive/css/font-awesome.minc09a.css]
[www.india.gov.in/sites/all/themes/adaptivetheme/npi_adaptive/css/global.custom.responsivec09a.css]
[www.india.gov.in/sites/all/themes/adaptivetheme/npi_adaptive/css/global.basec09a.css]
[www.india.gov.in/sites/all/themes/adaptivetheme/npi_adaptive/css/global.stylesc09a.css]
[www.india.gov.in/sites/all/themes/adaptivetheme/npi_adaptive/css/printc09a.css]
[www.india.gov.in/sites/upload_files/npi/files/adaptivetheme/npi_adaptive_files/npi_adaptive.default.layoutc09a.css]
[www.india.gov.in/sites/all/themes/adaptivetheme/npi_adaptive/css/override.css]
[www.india.gov.in/sites/all/modules/contributed/jquery_update/replace/jquery/3.1/jquery.min1f7d.js]
[www.india.gov.in/misc/jquery-extend-3.4.01f7d.js]
[www.india.gov.in/misc/jquery-html-prefilter-3.5.0-backport1f7d.js]
[www.india.gov.in/misc/jquery.once7839.js]
[www.india.gov.in/misc/drupalc09a.js]
[www.india.gov.in/sites/all/modules/contributed/admin_menu/admin_devel/admin_develc09a.js]
[www.india.gov.in/sites/all/modules/customs/hb_documents/hb_documentsc09a.js]
[www.india.gov.in/sites/all/modules/customs/hb_forms/hb_formsc09a.js]
[www.india.gov.in/sites/all/modules/customs/hb_schemes/hb_schemesc09a.js]
[www.india.gov.in/sites/all/modules/customs/webform_email_reply/scriptc09a.js]
[www.india.gov.in/misc/progressc09a.js]
[www.india.gov.in/sites/all/modules/contributed/quicktabs/js/quicktabsc09a.js]
[www.india.gov.in/sites/all/themes/adaptivetheme/npi_adaptive/scripts/jquery.minc09a.js]
[www.india.gov.in/sites/all/themes/adaptivetheme/npi_adaptive/scripts/customc09a.js]
[maxcdn.bootstrapcdn.com/font-awesome/4.2.0/css/font-awesome.min.css]
[www.india.gov.in/sites/all/themes/adaptivetheme/npi_adaptive/images/twitter.png]
[www.india.gov.in/sites/upload_files/npi/files/newsletter/logo_share.png]
[www.india.gov.in/sites/upload_files/npi/files/logo_1.png]
[www.india.gov.in/sites/all/themes/adaptivetheme/npi_adaptive/images/nav1.png]
[www.india.gov.in/topics/art-culture.html]
[www.india.gov.in/topics/commerce.html]
[www.india.gov.in/topics/communications-it.html]
[www.india.gov.in/topics/defence.html]
[www.india.gov.in/topics/education.html]
[www.india.gov.in/topics/environment-forest.html]
[www.india.gov.in/topics/finance-taxes.html]
[www.india.gov.in/topics/food-public-distribution.html]
[www.india.gov.in/topics/foreign-affairs.html]
[www.india.gov.in/topics/governance-administration.html]
[www.india.gov.in/topics/health-family-welfare.html]
[www.india.gov.in/topics/home-affairs-enforcement.html]
[www.india.gov.in/topics/housing.html]
[www.india.gov.in/topics/industries.html]
[www.india.gov.in/topics/infrastructure.html]
[www.india.gov.in/topics/information-broadcasting.html]
[www.india.gov.in/topics/labour-employment.html]
[www.india.gov.in/topics/law-justice.html]
[www.india.gov.in/topics/power-energy.html]
[www.india.gov.in/topics/rural.html]
[www.india.gov.in/topics/science-technology.html]
[www.india.gov.in/topics/social-development.html]
[www.india.gov.in/topics/transport.html]
[www.india.gov.in/topics/travel-tourism.html]
[www.india.gov.in/topics/youth-sports.html]
[www.india.gov.in/sites/all/themes/adaptivetheme/npi_adaptive/images/nav2.png]
[www.india.gov.in/sites/all/themes/adaptivetheme/npi_adaptive/images/nav3.png]
[www.india.gov.in/sites/all/themes/adaptivetheme/npi_adaptive/images/nav4.png]
[www.india.gov.in/sites/all/themes/adaptivetheme/npi_adaptive/images/nav5.png]
[www.india.gov.in/topics/travel-tourism/modes-travel.html]
[www.india.gov.in/topics/agriculture/agricultural-licence.html]
[www.india.gov.in/topics/agriculture/agricultural-machinery.html]
[www.india.gov.in/topics/agriculture/agricultural-produces.html]
[www.india.gov.in/topics/agriculture/research-extension.html]
[www.india.gov.in/topics/agriculture/storage.html]
[www.india.gov.in/topics/agriculture/marketing-prices.html]
[www.india.gov.in/topics/agriculture/animal-husbandry.html]
[www.india.gov.in/topics/agriculture/certification-gradation.html]
[www.india.gov.in/topics/agriculture/crops.html]
[www.india.gov.in/topics/agriculture/dairy.html]
[www.india.gov.in/topics/agriculture/fertilizers-pesticides.html]
[www.india.gov.in/topics/agriculture/fisheries.html]
[www.india.gov.in/topics/agriculture/floriculture.html]
[www.india.gov.in/topics/agriculture/horticulture.html]
[www.india.gov.in/topics/agriculture/irrigation.html]
[www.india.gov.in/topics/agriculture/loans-credit.html]
[www.india.gov.in/topics/agriculture/organic-farming.html]
[www.india.gov.in/topics/agriculture/plant-protection.html]
[www.india.gov.in/topics/agriculture/seeds.html]
[www.india.gov.in/topics/agriculture/sericulture.html]
[www.india.gov.in/topics/agriculture/soil-and-water-conservation.html]
[www.india.gov.in/topics/agriculture/weather.html]
[www.india.gov.in/sites/upload_files/npi/files/agriculture_0.png]
[www.india.gov.in/topics/agricultured6e2.html]
[www.india.gov.in/topics/agricultureebc0.html]
[www.india.gov.in/topics/agriculturee6b1.html]
[www.india.gov.in/topics/agriculturee201.html]
[www.india.gov.in/sites/all/themes/adaptivetheme/npi_adaptive/images/img-ftr-open-data-portal.png]
[www.india.gov.in/sites/all/themes/adaptivetheme/npi_adaptive/images/pib.png]
[www.india.gov.in/sites/all/themes/adaptivetheme/npi_adaptive/images/nic.png]
[www.india.gov.in/sites/upload_files/npi/files/newsletter/cqw_logo.png]
[www.india.gov.in/topics/agriculture.html]
[www.india.gov.in/misc/throbber-inactive.png]
[www.india.gov.in/misc/throbber-active.gif]
[www.india.gov.in/misc/grippie.png]
[www.india.gov.in/misc/draggable.png]
[www.india.gov.in/misc/tree.png]
[www.india.gov.in/misc/tree-bottom.png]
[www.india.gov.in/modules/system/system.basec09a.css]
[www.india.gov.in/misc/menu-expanded.png]
[www.india.gov.in/misc/menu-collapsed.png]
[www.india.gov.in/misc/menu-leaf.png]
[www.india.gov.in/modules/system/system.menusc09a.css]
[www.india.gov.in/misc/message-24-ok.png]
[www.india.gov.in/misc/message-24-warning.png]
[www.india.gov.in/misc/message-24-error.png]
[www.india.gov.in/modules/system/system.messagesc09a.css]
[www.india.gov.in/sites/all/modules/contributed/calendar/css/calendar_multidayc09a.css]
[www.india.gov.in/sites/all/modules/contributed/date/date_api/datec09a.css]
[www.india.gov.in/sites/all/modules/contributed/date/date_popup/themes/datepicker.1.7c09a.css]
[www.india.gov.in/sites/all/modules/contributed/date/date_repeat_field/date_repeat_fieldc09a.css]
[www.india.gov.in/modules/field/theme/fieldc09a.css]
[www.india.gov.in/sites/all/modules/contributed/logintoboggan/logintobogganc09a.css]
[www.india.gov.in/modules/node/nodec09a.css]
[www.india.gov.in/modules/search/searchc09a.css]
[www.india.gov.in/modules/user/userc09a.css]
[www.india.gov.in/sites/all/modules/contributed/views/css/viewsc09a.css]
[www.india.gov.in/sites/all/modules/contributed/ctools/images/status-active.gif]
[www.india.gov.in/sites/all/modules/contributed/ctools/css/ctoolsc09a.css]
[www.india.gov.in/sites/all/modules/contributed/panels/css/panelsc09a.css]
[www.india.gov.in/sites/all/modules/contributed/quicktabs/css/quicktabsc09a.css]
[www.india.gov.in/sites/all/modules/contributed/quicktabs/quicktabs_tabstyles/tabstyles/basic/basicc09a.css]
[www.india.gov.in/sites/all/themes/adaptivetheme/at_core/css/at.layoutc09a.css]
[www.india.gov.in/sites/all/themes/adaptivetheme/npi_adaptive/css/font-awesome.minc09a.css]
[www.india.gov.in/sites/all/themes/adaptivetheme/npi_adaptive/css/global.custom.responsivec09a.css]
[www.india.gov.in/sites/all/themes/adaptivetheme/npi_adaptive/images/Collapse.png]
[www.india.gov.in/sites/all/themes/adaptivetheme/npi_adaptive/css/global.basec09a.css]
[www.india.gov.in/sites/all/themes/adaptivetheme/npi_adaptive/images/bluearroww.png]
[www.india.gov.in/sites/all/themes/adaptivetheme/npi_adaptive/images/naviconn.png]
[www.india.gov.in/sites/all/themes/adaptivetheme/npi_adaptive/images/naviconblue.png]
[www.india.gov.in/sites/all/themes/adaptivetheme/npi_adaptive/images/bg-noise.png]
[www.india.gov.in/sites/all/themes/adaptivetheme/npi_adaptive/images/advarrowup-wh.png]
[www.india.gov.in/sites/all/themes/adaptivetheme/npi_adaptive/images/advarrowdwn.png]
[www.india.gov.in/sites/all/themes/adaptivetheme/npi_adaptive/images/1pxbg.jpg]
[www.india.gov.in/sites/all/themes/adaptivetheme/npi_adaptive/images/TABARROW.png]
[www.india.gov.in/sites/all/themes/adaptivetheme/npi_adaptive/images/arrow.jpg]
[www.india.gov.in/sites/all/themes/adaptivetheme/npi_adaptive/images/topicicon.png]
[www.india.gov.in/sites/all/themes/adaptivetheme/npi_adaptive/images/formsimg.png]
[www.india.gov.in/sites/all/themes/adaptivetheme/npi_adaptive/images/serviceicon.png]
[www.india.gov.in/sites/all/themes/adaptivetheme/npi_adaptive/images/featured.png]
[www.india.gov.in/sites/all/themes/adaptivetheme/npi_adaptive/images/sharearrow.jpg]
[www.india.gov.in/sites/all/themes/adaptivetheme/npi_adaptive/images/miximg.png]
[www.india.gov.in/sites/all/themes/adaptivetheme/npi_adaptive/images/leftborder.jpg]
[www.india.gov.in/sites/all/themes/adaptivetheme/npi_adaptive/images/blackdots.png]
[www.india.gov.in/sites/all/themes/adaptivetheme/npi_adaptive/images/title-arrow.png]
[www.india.gov.in/sites/all/themes/adaptivetheme/npi_adaptive/images/fourdots.png]
[www.india.gov.in/sites/all/themes/adaptivetheme/npi_adaptive/images/backtop.png]
[www.india.gov.in/sites/all/themes/adaptivetheme/npi_adaptive/images/select.png]
[www.india.gov.in/sites/all/themes/adaptivetheme/npi_adaptive/images/sharearrow.png]
[www.india.gov.in/sites/all/themes/adaptivetheme/npi_adaptive/images/dots.png]
[www.india.gov.in/sites/all/themes/adaptivetheme/npi_adaptive/images/close-button.png]
[www.india.gov.in/sites/all/themes/adaptivetheme/npi_adaptive/images/iiconl.png]
[www.india.gov.in/sites/all/themes/adaptivetheme/npi_adaptive/images/drumiconl.png]
[www.india.gov.in/sites/all/themes/adaptivetheme/npi_adaptive/images/whitedots.png]
[www.india.gov.in/sites/all/themes/adaptivetheme/npi_adaptive/images/level3icon1.png]
[www.india.gov.in/sites/all/themes/adaptivetheme/npi_adaptive/images/ico-settings.png]
[www.india.gov.in/sites/all/themes/adaptivetheme/npi_adaptive/images/ico-close.png]
[www.india.gov.in/sites/all/themes/adaptivetheme/npi_adaptive/images/ico-setting.png]
[www.india.gov.in/sites/all/themes/adaptivetheme/npi_adaptive/images/ico-search.png]
[www.india.gov.in/sites/all/themes/adaptivetheme/npi_adaptive/images/dashbordbg.jpg]
[www.india.gov.in/sites/all/themes/adaptivetheme/npi_adaptive/images/pencil-icon.png]
[www.india.gov.in/sites/all/themes/adaptivetheme/npi_adaptive/images/magnify-icon.png]
[www.india.gov.in/sites/all/themes/adaptivetheme/npi_adaptive/images/personalised.png]
[www.india.gov.in/sites/all/themes/adaptivetheme/npi_adaptive/images/dept-col-divider.png]
[www.india.gov.in/sites/all/themes/adaptivetheme/npi_adaptive/images/tabarrow-2.png]
[www.india.gov.in/sites/all/themes/adaptivetheme/npi_adaptive/images/bg_search_top_myGov.png]
[www.india.gov.in/sites/all/themes/adaptivetheme/npi_adaptive/images/advarrowup.png]
[www.india.gov.in/sites/all/themes/adaptivetheme/npi_adaptive/images/search-icon.png]
[www.india.gov.in/sites/all/themes/adaptivetheme/npi_adaptive/images/btmarow.jpg]
[www.india.gov.in/sites/all/themes/adaptivetheme/npi_adaptive/images/arowbtndwn.jpg]
[www.india.gov.in/sites/all/themes/adaptivetheme/npi_adaptive/images/mg_bg.gif]
[www.india.gov.in/sites/all/themes/adaptivetheme/npi_adaptive/images/platinum_trophy.png]
[www.india.gov.in/sites/all/themes/adaptivetheme/npi_adaptive/images/gold_trophy.png]
[www.india.gov.in/sites/all/themes/adaptivetheme/npi_adaptive/images/silver_trophy.png]
[www.india.gov.in/sites/all/themes/adaptivetheme/npi_adaptive/images/tabs.gif]
[www.india.gov.in/sites/all/themes/adaptivetheme/npi_adaptive/images/arrow-home.gif]
[www.india.gov.in/sites/all/themes/adaptivetheme/npi_adaptive/images/do-nw.jpg]
[www.india.gov.in/sites/all/themes/adaptivetheme/npi_adaptive/images/do-nw-h.jpg]
[www.india.gov.in/sites/all/themes/adaptivetheme/npi_adaptive/images/poll-nw.jpg]
[www.india.gov.in/sites/all/themes/adaptivetheme/npi_adaptive/images/poll-nw-h.jpg]
[www.india.gov.in/sites/all/themes/adaptivetheme/npi_adaptive/images/talk-nw.jpg]
[www.india.gov.in/sites/all/themes/adaptivetheme/npi_adaptive/images/talk-nw-h.jpg]
[www.india.gov.in/sites/all/themes/adaptivetheme/npi_adaptive/images/discuss-nw.jpg]
[www.india.gov.in/sites/all/themes/adaptivetheme/npi_adaptive/images/discuss-nw-h.jpg]
[www.india.gov.in/sites/all/themes/adaptivetheme/npi_adaptive/images/bullet-white.png]
[www.india.gov.in/sites/all/themes/adaptivetheme/npi_adaptive/images/icon-feedback.png]
[www.india.gov.in/sites/all/themes/adaptivetheme/npi_adaptive/images/icon-contact.png]
[www.india.gov.in/sites/all/themes/adaptivetheme/npi_adaptive/images/icon-share.png]
[www.india.gov.in/sites/all/themes/adaptivetheme/npi_adaptive/images/icon-facebook.png]
[www.india.gov.in/sites/all/themes/adaptivetheme/npi_adaptive/images/icon-gplus.png]
[www.india.gov.in/sites/all/themes/adaptivetheme/npi_adaptive/images/icon-twitter.png]
[www.india.gov.in/sites/all/themes/adaptivetheme/npi_adaptive/css/global.stylesc09a.css]
[www.india.gov.in/sites/all/themes/adaptivetheme/npi_adaptive/css/printc09a.css]
[www.india.gov.in/sites/upload_files/npi/files/adaptivetheme/npi_adaptive_files/npi_adaptive.default.layoutc09a.css]
[www.india.gov.in/sites/all/themes/adaptivetheme/npi_adaptive/images/arrowylo.png]
[www.india.gov.in/sites/all/themes/adaptivetheme/npi_adaptive/images/fourdotsyl.png]
[www.india.gov.in/sites/all/themes/adaptivetheme/npi_adaptive/images/dotylo.png]
[www.india.gov.in/sites/all/themes/adaptivetheme/npi_adaptive/images/btmbgblack.jpg]
[www.india.gov.in/sites/all/themes/adaptivetheme/npi_adaptive/images/miximgylo.png]
[www.india.gov.in/sites/all/themes/adaptivetheme/npi_adaptive/images/btmbgtwolevelbl.jpg]
[www.india.gov.in/sites/all/themes/adaptivetheme/npi_adaptive/images/leftborderylo.png]
[www.india.gov.in/sites/all/themes/adaptivetheme/npi_adaptive/images/logo_h.png]
[www.india.gov.in/sites/all/themes/adaptivetheme/npi_adaptive/css/override.css]
[maxcdn.bootstrapcdn.com/font-awesome/4.2.0/css/font-awesome.min.css]
[www.india.gov.in/topics/art-culture/archaeology.html]
[www.india.gov.in/topics/art-culture/dance.html]
[www.india.gov.in/topics/art-culture/fairs-festivals.html]
[www.india.gov.in/topics/art-culture/handicrafts.html]
[www.india.gov.in/topics/art-culture/heritage.html]
[www.india.gov.in/topics/art-culture/literature.html]
[www.india.gov.in/topics/art-culture/monuments.html]
